// Jest Snapshot v1, https://goo.gl/fbAQLP

exports[`ViewItem screen should match the snapshot 1`] = `
<Text>
  Loading...
</Text>
`;
